INFO: [*] Level 4 — Maximum grid (361 × 250 × 354)
INFO: [*] State space: (31948500, 3)
INFO: states=31948500  peak RSS after setup: 0.7 GB
INFO: [+] Loading existing policy from results/ReducedBankedGliderPullout_policy.npz (use --retrain to force retrain)
2026-08-17 22:18:18.684 | INFO     | solver.policy_iteration:load:530 - Loading policy from /home/admlinar/trabajo-L4/repo/results/ReducedBankedGliderPullout_policy.npz...
2026-08-17 22:18:18.862 | SUCCESS  | solver.policy_iteration:load:562 - Policy loaded successfully from /home/admlinar/trabajo-L4/repo/results/ReducedBankedGliderPullout_policy.npz
INFO: [+] Policy loaded successfully.
INFO: policy loaded. peak RSS: 0.9 GB
INFO: [*] CasADi trajectory validation -> banked_glider_L4_mca_validation_guided_Fig{3,4}.png
INFO: [*] Rollout dt = 0.10000000149011612 s (dt del backup de Bellman)
INFO: [*] Validating DP-Guided Trajectories for gamma_0 = -30.0 deg...
INFO:     [+] Injecting Dynamic Programming global optimum as seed...
INFO: Solving OCP for mu0 = 150.0 deg...
INFO:     [+] Optimal trajectory found.
INFO:     [=] mu0=150.0 deg  DP= -157.38 m  NLP= -156.34 m  brecha=  -1.04 m (  0.7%)
INFO:     [+] Injecting Dynamic Programming global optimum as seed...
INFO: Solving OCP for mu0 = 120.0 deg...
INFO:     [+] Optimal trajectory found.
INFO:     [=] mu0=120.0 deg  DP= -126.33 m  NLP= -125.31 m  brecha=  -1.02 m (  0.8%)
INFO:     [+] Injecting Dynamic Programming global optimum as seed...
INFO: Solving OCP for mu0 = 90.0 deg...
INFO:     [+] Optimal trajectory found.
INFO:     [=] mu0= 90.0 deg  DP=  -90.00 m  NLP=  -88.33 m  brecha=  -1.67 m (  1.9%)
INFO:     [+] Injecting Dynamic Programming global optimum as seed...
INFO: Solving OCP for mu0 = 60.0 deg...
INFO:     [+] Optimal trajectory found.
INFO:     [=] mu0= 60.0 deg  DP=  -62.28 m  NLP=  -60.14 m  brecha=  -2.14 m (  3.6%)
INFO:     [+] Injecting Dynamic Programming global optimum as seed...
INFO: Solving OCP for mu0 = 30.0 deg...
INFO:     [+] Optimal trajectory found.
INFO:     [=] mu0= 30.0 deg  DP=  -50.40 m  NLP=  -49.44 m  brecha=  -0.96 m (  1.9%)
INFO: [+] Validation plot saved to /home/admlinar/trabajo-L4/repo/results/banked_glider_L4_mca_validation_guided_Fig3.png
INFO: [*] Validating DP-Guided Trajectories for gamma_0 = -60.0 deg...
INFO:     [+] Injecting Dynamic Programming global optimum as seed...
INFO: Solving OCP for mu0 = 150.0 deg...
ERROR:     [-] Solver failed: Error in Opti::solve [OptiNode] at .../casadi/core/optistack.cpp:217:
.../casadi/core/optistack_internal.cpp:1338: Assertion "return_success(accept_limit)" failed:
Solver failed. You may use opti.debug.value to investigate the latest values of variables. return_status is 'Infeasible_Problem_Detected'
INFO:     [=] mu0=150.0 deg  DP=-1002.92 m  NLP=    0.00 m  brecha=-1002.92 m (100292236332685.7%)
INFO:     [+] Injecting Dynamic Programming global optimum as seed...
INFO: Solving OCP for mu0 = 120.0 deg...
INFO:     [+] Optimal trajectory found.
INFO:     [=] mu0=120.0 deg  DP= -194.89 m  NLP= -193.14 m  brecha=  -1.74 m (  0.9%)
INFO:     [+] Injecting Dynamic Programming global optimum as seed...
INFO: Solving OCP for mu0 = 90.0 deg...
INFO:     [+] Optimal trajectory found.
INFO:     [=] mu0= 90.0 deg  DP= -152.31 m  NLP= -150.61 m  brecha=  -1.70 m (  1.1%)
INFO:     [+] Injecting Dynamic Programming global optimum as seed...
INFO: Solving OCP for mu0 = 60.0 deg...
INFO:     [+] Optimal trajectory found.
INFO:     [=] mu0= 60.0 deg  DP= -121.14 m  NLP= -119.48 m  brecha=  -1.65 m (  1.4%)
INFO:     [+] Injecting Dynamic Programming global optimum as seed...
INFO: Solving OCP for mu0 = 30.0 deg...
INFO:     [+] Optimal trajectory found.
INFO:     [=] mu0= 30.0 deg  DP= -109.42 m  NLP= -107.76 m  brecha=  -1.66 m (  1.5%)
INFO: [+] Validation plot saved to /home/admlinar/trabajo-L4/repo/results/banked_glider_L4_mca_validation_guided_Fig4.png
INFO: [+] done. peak RSS: 2.9 GB

******************************************************************************
This program contains Ipopt, a library for large-scale nonlinear optimization.
 Ipopt is released as open source code under the Eclipse Public License (EPL).
         For more information visit https://github.com/coin-or/Ipopt
******************************************************************************

EXIT=0
