2026-08-13 12:49:38,016 INFO    model: {'thrust_model': 'riley', 'cg_aft_m': '0.0', 'cg_right_m': '0.0', 'cg_below_m': '0.0'}
2026-08-13 12:49:38,016 INFO    policy: /home/nromero/Documents/research/symmetric-stall/data/policies/SymmetricStall_riley_56x81x80x41_thrust-riley.npz
2026-08-13 12:49:38,016 INFO    output: /home/nromero/Documents/research/symmetric-stall/results/5_paper1_repro
2026-08-13 12:49:38,016 INFO    === ic_heatmap — dense IC-plane sweep (~600 rollouts) + maps
2026-08-13 12:49:38,500 INFO    [sweep] 3315 rollouts over 12 workers: ['optimal', 'tau05', 'tau1', 'gated', 'pd']
2026-08-13 12:49:39.304 | INFO     | symmetric_stall.policy_iteration:load:1014 - Loading policy from /home/nromero/Documents/research/symmetric-stall/data/policies/SymmetricStall_riley_56x81x80x41_thrust-riley.npz...
2026-08-13 12:49:39.309 | INFO     | symmetric_stall.policy_iteration:load:1014 - Loading policy from /home/nromero/Documents/research/symmetric-stall/data/policies/SymmetricStall_riley_56x81x80x41_thrust-riley.npz...
2026-08-13 12:49:39.388 | INFO     | symmetric_stall.policy_iteration:load:1034 - Policy trained with: {'cg_aft_m': '0.0', 'cg_below_m': '0.0', 'cg_right_m': '0.0', 'chattering_tolerance': 1487, 'final_residual': 0.0, 'gamma': 1.0, 'grid': 'riley', 'grid_shape': [56, 81, 80, 41], 'n_micro': 10, 'n_policy_steps': 50, 'n_states': 14878080, 'n_states_chattering': 1228, 'theta': 5e-06, 'thrust_model': 'riley', 'use_mca_timestep': False}
2026-08-13 12:49:39.388 | SUCCESS  | symmetric_stall.policy_iteration:load:1056 - Policy loaded successfully from /home/nromero/Documents/research/symmetric-stall/data/policies/SymmetricStall_riley_56x81x80x41_thrust-riley.npz
2026-08-13 12:49:39.394 | INFO     | symmetric_stall.policy_iteration:load:1034 - Policy trained with: {'cg_aft_m': '0.0', 'cg_below_m': '0.0', 'cg_right_m': '0.0', 'chattering_tolerance': 1487, 'final_residual': 0.0, 'gamma': 1.0, 'grid': 'riley', 'grid_shape': [56, 81, 80, 41], 'n_micro': 10, 'n_policy_steps': 50, 'n_states': 14878080, 'n_states_chattering': 1228, 'theta': 5e-06, 'thrust_model': 'riley', 'use_mca_timestep': False}
2026-08-13 12:49:39.395 | SUCCESS  | symmetric_stall.policy_iteration:load:1056 - Policy loaded successfully from /home/nromero/Documents/research/symmetric-stall/data/policies/SymmetricStall_riley_56x81x80x41_thrust-riley.npz
2026-08-13 12:49:39.446 | INFO     | symmetric_stall.policy_iteration:load:1014 - Loading policy from /home/nromero/Documents/research/symmetric-stall/data/policies/SymmetricStall_riley_56x81x80x41_thrust-riley.npz...
2026-08-13 12:49:39.457 | INFO     | symmetric_stall.policy_iteration:load:1014 - Loading policy from /home/nromero/Documents/research/symmetric-stall/data/policies/SymmetricStall_riley_56x81x80x41_thrust-riley.npz...
2026-08-13 12:49:39.479 | INFO     | symmetric_stall.policy_iteration:load:1014 - Loading policy from /home/nromero/Documents/research/symmetric-stall/data/policies/SymmetricStall_riley_56x81x80x41_thrust-riley.npz...
2026-08-13 12:49:39.510 | INFO     | symmetric_stall.policy_iteration:load:1034 - Policy trained with: {'cg_aft_m': '0.0', 'cg_below_m': '0.0', 'cg_right_m': '0.0', 'chattering_tolerance': 1487, 'final_residual': 0.0, 'gamma': 1.0, 'grid': 'riley', 'grid_shape': [56, 81, 80, 41], 'n_micro': 10, 'n_policy_steps': 50, 'n_states': 14878080, 'n_states_chattering': 1228, 'theta': 5e-06, 'thrust_model': 'riley', 'use_mca_timestep': False}
2026-08-13 12:49:39.511 | SUCCESS  | symmetric_stall.policy_iteration:load:1056 - Policy loaded successfully from /home/nromero/Documents/research/symmetric-stall/data/policies/SymmetricStall_riley_56x81x80x41_thrust-riley.npz
2026-08-13 12:49:39.515 | INFO     | symmetric_stall.policy_iteration:load:1014 - Loading policy from /home/nromero/Documents/research/symmetric-stall/data/policies/SymmetricStall_riley_56x81x80x41_thrust-riley.npz...
2026-08-13 12:49:39.526 | INFO     | symmetric_stall.policy_iteration:load:1014 - Loading policy from /home/nromero/Documents/research/symmetric-stall/data/policies/SymmetricStall_riley_56x81x80x41_thrust-riley.npz...
2026-08-13 12:49:39.556 | INFO     | symmetric_stall.policy_iteration:load:1014 - Loading policy from /home/nromero/Documents/research/symmetric-stall/data/policies/SymmetricStall_riley_56x81x80x41_thrust-riley.npz...
2026-08-13 12:49:39.583 | INFO     | symmetric_stall.policy_iteration:load:1014 - Loading policy from /home/nromero/Documents/research/symmetric-stall/data/policies/SymmetricStall_riley_56x81x80x41_thrust-riley.npz...
2026-08-13 12:49:39.594 | INFO     | symmetric_stall.policy_iteration:load:1034 - Policy trained with: {'cg_aft_m': '0.0', 'cg_below_m': '0.0', 'cg_right_m': '0.0', 'chattering_tolerance': 1487, 'final_residual': 0.0, 'gamma': 1.0, 'grid': 'riley', 'grid_shape': [56, 81, 80, 41], 'n_micro': 10, 'n_policy_steps': 50, 'n_states': 14878080, 'n_states_chattering': 1228, 'theta': 5e-06, 'thrust_model': 'riley', 'use_mca_timestep': False}
2026-08-13 12:49:39.595 | SUCCESS  | symmetric_stall.policy_iteration:load:1056 - Policy loaded successfully from /home/nromero/Documents/research/symmetric-stall/data/policies/SymmetricStall_riley_56x81x80x41_thrust-riley.npz
2026-08-13 12:49:39.596 | INFO     | symmetric_stall.policy_iteration:load:1014 - Loading policy from /home/nromero/Documents/research/symmetric-stall/data/policies/SymmetricStall_riley_56x81x80x41_thrust-riley.npz...
2026-08-13 12:49:39.605 | INFO     | symmetric_stall.policy_iteration:load:1014 - Loading policy from /home/nromero/Documents/research/symmetric-stall/data/policies/SymmetricStall_riley_56x81x80x41_thrust-riley.npz...
2026-08-13 12:49:39.610 | INFO     | symmetric_stall.policy_iteration:load:1034 - Policy trained with: {'cg_aft_m': '0.0', 'cg_below_m': '0.0', 'cg_right_m': '0.0', 'chattering_tolerance': 1487, 'final_residual': 0.0, 'gamma': 1.0, 'grid': 'riley', 'grid_shape': [56, 81, 80, 41], 'n_micro': 10, 'n_policy_steps': 50, 'n_states': 14878080, 'n_states_chattering': 1228, 'theta': 5e-06, 'thrust_model': 'riley', 'use_mca_timestep': False}
2026-08-13 12:49:39.611 | SUCCESS  | symmetric_stall.policy_iteration:load:1056 - Policy loaded successfully from /home/nromero/Documents/research/symmetric-stall/data/policies/SymmetricStall_riley_56x81x80x41_thrust-riley.npz
2026-08-13 12:49:39.618 | INFO     | symmetric_stall.policy_iteration:load:1014 - Loading policy from /home/nromero/Documents/research/symmetric-stall/data/policies/SymmetricStall_riley_56x81x80x41_thrust-riley.npz...
2026-08-13 12:49:39.675 | INFO     | symmetric_stall.policy_iteration:load:1034 - Policy trained with: {'cg_aft_m': '0.0', 'cg_below_m': '0.0', 'cg_right_m': '0.0', 'chattering_tolerance': 1487, 'final_residual': 0.0, 'gamma': 1.0, 'grid': 'riley', 'grid_shape': [56, 81, 80, 41], 'n_micro': 10, 'n_policy_steps': 50, 'n_states': 14878080, 'n_states_chattering': 1228, 'theta': 5e-06, 'thrust_model': 'riley', 'use_mca_timestep': False}
2026-08-13 12:49:39.676 | SUCCESS  | symmetric_stall.policy_iteration:load:1056 - Policy loaded successfully from /home/nromero/Documents/research/symmetric-stall/data/policies/SymmetricStall_riley_56x81x80x41_thrust-riley.npz
2026-08-13 12:49:39.682 | INFO     | symmetric_stall.policy_iteration:load:1034 - Policy trained with: {'cg_aft_m': '0.0', 'cg_below_m': '0.0', 'cg_right_m': '0.0', 'chattering_tolerance': 1487, 'final_residual': 0.0, 'gamma': 1.0, 'grid': 'riley', 'grid_shape': [56, 81, 80, 41], 'n_micro': 10, 'n_policy_steps': 50, 'n_states': 14878080, 'n_states_chattering': 1228, 'theta': 5e-06, 'thrust_model': 'riley', 'use_mca_timestep': False}
2026-08-13 12:49:39.682 | SUCCESS  | symmetric_stall.policy_iteration:load:1056 - Policy loaded successfully from /home/nromero/Documents/research/symmetric-stall/data/policies/SymmetricStall_riley_56x81x80x41_thrust-riley.npz
2026-08-13 12:49:39.689 | INFO     | symmetric_stall.policy_iteration:load:1034 - Policy trained with: {'cg_aft_m': '0.0', 'cg_below_m': '0.0', 'cg_right_m': '0.0', 'chattering_tolerance': 1487, 'final_residual': 0.0, 'gamma': 1.0, 'grid': 'riley', 'grid_shape': [56, 81, 80, 41], 'n_micro': 10, 'n_policy_steps': 50, 'n_states': 14878080, 'n_states_chattering': 1228, 'theta': 5e-06, 'thrust_model': 'riley', 'use_mca_timestep': False}
2026-08-13 12:49:39.690 | SUCCESS  | symmetric_stall.policy_iteration:load:1056 - Policy loaded successfully from /home/nromero/Documents/research/symmetric-stall/data/policies/SymmetricStall_riley_56x81x80x41_thrust-riley.npz
2026-08-13 12:49:39.725 | INFO     | symmetric_stall.policy_iteration:load:1034 - Policy trained with: {'cg_aft_m': '0.0', 'cg_below_m': '0.0', 'cg_right_m': '0.0', 'chattering_tolerance': 1487, 'final_residual': 0.0, 'gamma': 1.0, 'grid': 'riley', 'grid_shape': [56, 81, 80, 41], 'n_micro': 10, 'n_policy_steps': 50, 'n_states': 14878080, 'n_states_chattering': 1228, 'theta': 5e-06, 'thrust_model': 'riley', 'use_mca_timestep': False}
2026-08-13 12:49:39.726 | SUCCESS  | symmetric_stall.policy_iteration:load:1056 - Policy loaded successfully from /home/nromero/Documents/research/symmetric-stall/data/policies/SymmetricStall_riley_56x81x80x41_thrust-riley.npz
2026-08-13 12:49:39.733 | INFO     | symmetric_stall.policy_iteration:load:1034 - Policy trained with: {'cg_aft_m': '0.0', 'cg_below_m': '0.0', 'cg_right_m': '0.0', 'chattering_tolerance': 1487, 'final_residual': 0.0, 'gamma': 1.0, 'grid': 'riley', 'grid_shape': [56, 81, 80, 41], 'n_micro': 10, 'n_policy_steps': 50, 'n_states': 14878080, 'n_states_chattering': 1228, 'theta': 5e-06, 'thrust_model': 'riley', 'use_mca_timestep': False}
2026-08-13 12:49:39.733 | SUCCESS  | symmetric_stall.policy_iteration:load:1056 - Policy loaded successfully from /home/nromero/Documents/research/symmetric-stall/data/policies/SymmetricStall_riley_56x81x80x41_thrust-riley.npz
2026-08-13 12:49:39.737 | INFO     | symmetric_stall.policy_iteration:load:1034 - Policy trained with: {'cg_aft_m': '0.0', 'cg_below_m': '0.0', 'cg_right_m': '0.0', 'chattering_tolerance': 1487, 'final_residual': 0.0, 'gamma': 1.0, 'grid': 'riley', 'grid_shape': [56, 81, 80, 41], 'n_micro': 10, 'n_policy_steps': 50, 'n_states': 14878080, 'n_states_chattering': 1228, 'theta': 5e-06, 'thrust_model': 'riley', 'use_mca_timestep': False}
2026-08-13 12:49:39.737 | SUCCESS  | symmetric_stall.policy_iteration:load:1056 - Policy loaded successfully from /home/nromero/Documents/research/symmetric-stall/data/policies/SymmetricStall_riley_56x81x80x41_thrust-riley.npz
2026-08-13 12:49:39.760 | INFO     | symmetric_stall.policy_iteration:load:1034 - Policy trained with: {'cg_aft_m': '0.0', 'cg_below_m': '0.0', 'cg_right_m': '0.0', 'chattering_tolerance': 1487, 'final_residual': 0.0, 'gamma': 1.0, 'grid': 'riley', 'grid_shape': [56, 81, 80, 41], 'n_micro': 10, 'n_policy_steps': 50, 'n_states': 14878080, 'n_states_chattering': 1228, 'theta': 5e-06, 'thrust_model': 'riley', 'use_mca_timestep': False}
2026-08-13 12:49:39.760 | SUCCESS  | symmetric_stall.policy_iteration:load:1056 - Policy loaded successfully from /home/nromero/Documents/research/symmetric-stall/data/policies/SymmetricStall_riley_56x81x80x41_thrust-riley.npz
2026-08-13 13:07:12,419 INFO    [sweep] optimal done (217/663 did not recover)
2026-08-13 13:07:12,419 INFO    [sweep] tau05 done (0/663 did not recover)
2026-08-13 13:07:12,423 INFO    [sweep] tau1 done (0/663 did not recover)
2026-08-13 13:07:12,424 INFO    [sweep] gated done (0/663 did not recover)
2026-08-13 13:07:12,424 INFO    [sweep] pd done (0/663 did not recover)
2026-08-13 13:07:12,426 INFO    [+] ic_heatmap_dense.json written
2026-08-13 13:07:12,865 INFO    [+] fig_optimal_ic_heatmap.{png,pdf} written
2026-08-13 13:07:13,434 INFO    [+] fig_caa_faa_heatmap.{png,pdf} written
2026-08-13 13:07:13,434 INFO    === ic_heatmap done
2026-08-13 13:07:13,435 INFO    === caa_ramp — realistic-CAA arm added to the dense IC map
2026-08-13 13:07:13,436 INFO    [sweep] 663 rollouts over 12 workers: ['caa_ramp']
2026-08-13 13:07:14.261 | INFO     | symmetric_stall.policy_iteration:load:1014 - Loading policy from /home/nromero/Documents/research/symmetric-stall/data/policies/SymmetricStall_riley_56x81x80x41_thrust-riley.npz...
2026-08-13 13:07:14.274 | INFO     | symmetric_stall.policy_iteration:load:1014 - Loading policy from /home/nromero/Documents/research/symmetric-stall/data/policies/SymmetricStall_riley_56x81x80x41_thrust-riley.npz...
2026-08-13 13:07:14.332 | INFO     | symmetric_stall.policy_iteration:load:1034 - Policy trained with: {'cg_aft_m': '0.0', 'cg_below_m': '0.0', 'cg_right_m': '0.0', 'chattering_tolerance': 1487, 'final_residual': 0.0, 'gamma': 1.0, 'grid': 'riley', 'grid_shape': [56, 81, 80, 41], 'n_micro': 10, 'n_policy_steps': 50, 'n_states': 14878080, 'n_states_chattering': 1228, 'theta': 5e-06, 'thrust_model': 'riley', 'use_mca_timestep': False}
2026-08-13 13:07:14.332 | SUCCESS  | symmetric_stall.policy_iteration:load:1056 - Policy loaded successfully from /home/nromero/Documents/research/symmetric-stall/data/policies/SymmetricStall_riley_56x81x80x41_thrust-riley.npz
2026-08-13 13:07:14.362 | INFO     | symmetric_stall.policy_iteration:load:1034 - Policy trained with: {'cg_aft_m': '0.0', 'cg_below_m': '0.0', 'cg_right_m': '0.0', 'chattering_tolerance': 1487, 'final_residual': 0.0, 'gamma': 1.0, 'grid': 'riley', 'grid_shape': [56, 81, 80, 41], 'n_micro': 10, 'n_policy_steps': 50, 'n_states': 14878080, 'n_states_chattering': 1228, 'theta': 5e-06, 'thrust_model': 'riley', 'use_mca_timestep': False}
2026-08-13 13:07:14.363 | SUCCESS  | symmetric_stall.policy_iteration:load:1056 - Policy loaded successfully from /home/nromero/Documents/research/symmetric-stall/data/policies/SymmetricStall_riley_56x81x80x41_thrust-riley.npz
2026-08-13 13:07:14.410 | INFO     | symmetric_stall.policy_iteration:load:1014 - Loading policy from /home/nromero/Documents/research/symmetric-stall/data/policies/SymmetricStall_riley_56x81x80x41_thrust-riley.npz...
2026-08-13 13:07:14.497 | INFO     | symmetric_stall.policy_iteration:load:1014 - Loading policy from /home/nromero/Documents/research/symmetric-stall/data/policies/SymmetricStall_riley_56x81x80x41_thrust-riley.npz...
2026-08-13 13:07:14.516 | INFO     | symmetric_stall.policy_iteration:load:1034 - Policy trained with: {'cg_aft_m': '0.0', 'cg_below_m': '0.0', 'cg_right_m': '0.0', 'chattering_tolerance': 1487, 'final_residual': 0.0, 'gamma': 1.0, 'grid': 'riley', 'grid_shape': [56, 81, 80, 41], 'n_micro': 10, 'n_policy_steps': 50, 'n_states': 14878080, 'n_states_chattering': 1228, 'theta': 5e-06, 'thrust_model': 'riley', 'use_mca_timestep': False}
2026-08-13 13:07:14.516 | SUCCESS  | symmetric_stall.policy_iteration:load:1056 - Policy loaded successfully from /home/nromero/Documents/research/symmetric-stall/data/policies/SymmetricStall_riley_56x81x80x41_thrust-riley.npz
2026-08-13 13:07:14.520 | INFO     | symmetric_stall.policy_iteration:load:1014 - Loading policy from /home/nromero/Documents/research/symmetric-stall/data/policies/SymmetricStall_riley_56x81x80x41_thrust-riley.npz...
2026-08-13 13:07:14.528 | INFO     | symmetric_stall.policy_iteration:load:1014 - Loading policy from /home/nromero/Documents/research/symmetric-stall/data/policies/SymmetricStall_riley_56x81x80x41_thrust-riley.npz...
2026-08-13 13:07:14.534 | INFO     | symmetric_stall.policy_iteration:load:1014 - Loading policy from /home/nromero/Documents/research/symmetric-stall/data/policies/SymmetricStall_riley_56x81x80x41_thrust-riley.npz...
2026-08-13 13:07:14.541 | INFO     | symmetric_stall.policy_iteration:load:1014 - Loading policy from /home/nromero/Documents/research/symmetric-stall/data/policies/SymmetricStall_riley_56x81x80x41_thrust-riley.npz...
2026-08-13 13:07:14.570 | INFO     | symmetric_stall.policy_iteration:load:1014 - Loading policy from /home/nromero/Documents/research/symmetric-stall/data/policies/SymmetricStall_riley_56x81x80x41_thrust-riley.npz...
2026-08-13 13:07:14.593 | INFO     | symmetric_stall.policy_iteration:load:1014 - Loading policy from /home/nromero/Documents/research/symmetric-stall/data/policies/SymmetricStall_riley_56x81x80x41_thrust-riley.npz...
2026-08-13 13:07:14.616 | INFO     | symmetric_stall.policy_iteration:load:1034 - Policy trained with: {'cg_aft_m': '0.0', 'cg_below_m': '0.0', 'cg_right_m': '0.0', 'chattering_tolerance': 1487, 'final_residual': 0.0, 'gamma': 1.0, 'grid': 'riley', 'grid_shape': [56, 81, 80, 41], 'n_micro': 10, 'n_policy_steps': 50, 'n_states': 14878080, 'n_states_chattering': 1228, 'theta': 5e-06, 'thrust_model': 'riley', 'use_mca_timestep': False}
2026-08-13 13:07:14.617 | SUCCESS  | symmetric_stall.policy_iteration:load:1056 - Policy loaded successfully from /home/nromero/Documents/research/symmetric-stall/data/policies/SymmetricStall_riley_56x81x80x41_thrust-riley.npz
2026-08-13 13:07:14.632 | INFO     | symmetric_stall.policy_iteration:load:1034 - Policy trained with: {'cg_aft_m': '0.0', 'cg_below_m': '0.0', 'cg_right_m': '0.0', 'chattering_tolerance': 1487, 'final_residual': 0.0, 'gamma': 1.0, 'grid': 'riley', 'grid_shape': [56, 81, 80, 41], 'n_micro': 10, 'n_policy_steps': 50, 'n_states': 14878080, 'n_states_chattering': 1228, 'theta': 5e-06, 'thrust_model': 'riley', 'use_mca_timestep': False}
2026-08-13 13:07:14.633 | SUCCESS  | symmetric_stall.policy_iteration:load:1056 - Policy loaded successfully from /home/nromero/Documents/research/symmetric-stall/data/policies/SymmetricStall_riley_56x81x80x41_thrust-riley.npz
2026-08-13 13:07:14.634 | INFO     | symmetric_stall.policy_iteration:load:1014 - Loading policy from /home/nromero/Documents/research/symmetric-stall/data/policies/SymmetricStall_riley_56x81x80x41_thrust-riley.npz...
2026-08-13 13:07:14.641 | INFO     | symmetric_stall.policy_iteration:load:1034 - Policy trained with: {'cg_aft_m': '0.0', 'cg_below_m': '0.0', 'cg_right_m': '0.0', 'chattering_tolerance': 1487, 'final_residual': 0.0, 'gamma': 1.0, 'grid': 'riley', 'grid_shape': [56, 81, 80, 41], 'n_micro': 10, 'n_policy_steps': 50, 'n_states': 14878080, 'n_states_chattering': 1228, 'theta': 5e-06, 'thrust_model': 'riley', 'use_mca_timestep': False}
2026-08-13 13:07:14.642 | SUCCESS  | symmetric_stall.policy_iteration:load:1056 - Policy loaded successfully from /home/nromero/Documents/research/symmetric-stall/data/policies/SymmetricStall_riley_56x81x80x41_thrust-riley.npz
2026-08-13 13:07:14.654 | INFO     | symmetric_stall.policy_iteration:load:1014 - Loading policy from /home/nromero/Documents/research/symmetric-stall/data/policies/SymmetricStall_riley_56x81x80x41_thrust-riley.npz...
2026-08-13 13:07:14.667 | INFO     | symmetric_stall.policy_iteration:load:1034 - Policy trained with: {'cg_aft_m': '0.0', 'cg_below_m': '0.0', 'cg_right_m': '0.0', 'chattering_tolerance': 1487, 'final_residual': 0.0, 'gamma': 1.0, 'grid': 'riley', 'grid_shape': [56, 81, 80, 41], 'n_micro': 10, 'n_policy_steps': 50, 'n_states': 14878080, 'n_states_chattering': 1228, 'theta': 5e-06, 'thrust_model': 'riley', 'use_mca_timestep': False}
2026-08-13 13:07:14.667 | SUCCESS  | symmetric_stall.policy_iteration:load:1056 - Policy loaded successfully from /home/nromero/Documents/research/symmetric-stall/data/policies/SymmetricStall_riley_56x81x80x41_thrust-riley.npz
2026-08-13 13:07:14.687 | INFO     | symmetric_stall.policy_iteration:load:1034 - Policy trained with: {'cg_aft_m': '0.0', 'cg_below_m': '0.0', 'cg_right_m': '0.0', 'chattering_tolerance': 1487, 'final_residual': 0.0, 'gamma': 1.0, 'grid': 'riley', 'grid_shape': [56, 81, 80, 41], 'n_micro': 10, 'n_policy_steps': 50, 'n_states': 14878080, 'n_states_chattering': 1228, 'theta': 5e-06, 'thrust_model': 'riley', 'use_mca_timestep': False}
2026-08-13 13:07:14.687 | SUCCESS  | symmetric_stall.policy_iteration:load:1056 - Policy loaded successfully from /home/nromero/Documents/research/symmetric-stall/data/policies/SymmetricStall_riley_56x81x80x41_thrust-riley.npz
2026-08-13 13:07:14.704 | INFO     | symmetric_stall.policy_iteration:load:1034 - Policy trained with: {'cg_aft_m': '0.0', 'cg_below_m': '0.0', 'cg_right_m': '0.0', 'chattering_tolerance': 1487, 'final_residual': 0.0, 'gamma': 1.0, 'grid': 'riley', 'grid_shape': [56, 81, 80, 41], 'n_micro': 10, 'n_policy_steps': 50, 'n_states': 14878080, 'n_states_chattering': 1228, 'theta': 5e-06, 'thrust_model': 'riley', 'use_mca_timestep': False}
2026-08-13 13:07:14.705 | SUCCESS  | symmetric_stall.policy_iteration:load:1056 - Policy loaded successfully from /home/nromero/Documents/research/symmetric-stall/data/policies/SymmetricStall_riley_56x81x80x41_thrust-riley.npz
2026-08-13 13:07:14.745 | INFO     | symmetric_stall.policy_iteration:load:1034 - Policy trained with: {'cg_aft_m': '0.0', 'cg_below_m': '0.0', 'cg_right_m': '0.0', 'chattering_tolerance': 1487, 'final_residual': 0.0, 'gamma': 1.0, 'grid': 'riley', 'grid_shape': [56, 81, 80, 41], 'n_micro': 10, 'n_policy_steps': 50, 'n_states': 14878080, 'n_states_chattering': 1228, 'theta': 5e-06, 'thrust_model': 'riley', 'use_mca_timestep': False}
2026-08-13 13:07:14.745 | SUCCESS  | symmetric_stall.policy_iteration:load:1056 - Policy loaded successfully from /home/nromero/Documents/research/symmetric-stall/data/policies/SymmetricStall_riley_56x81x80x41_thrust-riley.npz
2026-08-13 13:07:14.755 | INFO     | symmetric_stall.policy_iteration:load:1034 - Policy trained with: {'cg_aft_m': '0.0', 'cg_below_m': '0.0', 'cg_right_m': '0.0', 'chattering_tolerance': 1487, 'final_residual': 0.0, 'gamma': 1.0, 'grid': 'riley', 'grid_shape': [56, 81, 80, 41], 'n_micro': 10, 'n_policy_steps': 50, 'n_states': 14878080, 'n_states_chattering': 1228, 'theta': 5e-06, 'thrust_model': 'riley', 'use_mca_timestep': False}
2026-08-13 13:07:14.756 | SUCCESS  | symmetric_stall.policy_iteration:load:1056 - Policy loaded successfully from /home/nromero/Documents/research/symmetric-stall/data/policies/SymmetricStall_riley_56x81x80x41_thrust-riley.npz
2026-08-13 13:07:14.804 | INFO     | symmetric_stall.policy_iteration:load:1034 - Policy trained with: {'cg_aft_m': '0.0', 'cg_below_m': '0.0', 'cg_right_m': '0.0', 'chattering_tolerance': 1487, 'final_residual': 0.0, 'gamma': 1.0, 'grid': 'riley', 'grid_shape': [56, 81, 80, 41], 'n_micro': 10, 'n_policy_steps': 50, 'n_states': 14878080, 'n_states_chattering': 1228, 'theta': 5e-06, 'thrust_model': 'riley', 'use_mca_timestep': False}
2026-08-13 13:07:14.805 | SUCCESS  | symmetric_stall.policy_iteration:load:1056 - Policy loaded successfully from /home/nromero/Documents/research/symmetric-stall/data/policies/SymmetricStall_riley_56x81x80x41_thrust-riley.npz
2026-08-13 13:10:32,965 INFO    [sweep] caa_ramp done (0/663 did not recover)
2026-08-13 13:10:32,968 INFO    [+] caa_ramp added to ic_heatmap_dense.json
2026-08-13 13:10:33,558 INFO    [+] fig_procedures_ic_heatmap.{png,pdf} written
2026-08-13 13:10:33,558 INFO    === caa_ramp done
2026-08-13 13:10:33,558 INFO    === switch_heatmap — dense switch-delay sweep (~350 rollouts)
2026-08-13 13:10:33,560 INFO    [sweep] 1989 rollouts over 12 workers: ['switch0.25', 'switch0.5', 'switch1']
2026-08-13 13:10:34.316 | INFO     | symmetric_stall.policy_iteration:load:1014 - Loading policy from /home/nromero/Documents/research/symmetric-stall/data/policies/SymmetricStall_riley_56x81x80x41_thrust-riley.npz...
2026-08-13 13:10:34.377 | INFO     | symmetric_stall.policy_iteration:load:1034 - Policy trained with: {'cg_aft_m': '0.0', 'cg_below_m': '0.0', 'cg_right_m': '0.0', 'chattering_tolerance': 1487, 'final_residual': 0.0, 'gamma': 1.0, 'grid': 'riley', 'grid_shape': [56, 81, 80, 41], 'n_micro': 10, 'n_policy_steps': 50, 'n_states': 14878080, 'n_states_chattering': 1228, 'theta': 5e-06, 'thrust_model': 'riley', 'use_mca_timestep': False}
2026-08-13 13:10:34.378 | SUCCESS  | symmetric_stall.policy_iteration:load:1056 - Policy loaded successfully from /home/nromero/Documents/research/symmetric-stall/data/policies/SymmetricStall_riley_56x81x80x41_thrust-riley.npz
2026-08-13 13:10:34.492 | INFO     | symmetric_stall.policy_iteration:load:1014 - Loading policy from /home/nromero/Documents/research/symmetric-stall/data/policies/SymmetricStall_riley_56x81x80x41_thrust-riley.npz...
2026-08-13 13:10:34.569 | INFO     | symmetric_stall.policy_iteration:load:1014 - Loading policy from /home/nromero/Documents/research/symmetric-stall/data/policies/SymmetricStall_riley_56x81x80x41_thrust-riley.npz...
2026-08-13 13:10:34.599 | INFO     | symmetric_stall.policy_iteration:load:1034 - Policy trained with: {'cg_aft_m': '0.0', 'cg_below_m': '0.0', 'cg_right_m': '0.0', 'chattering_tolerance': 1487, 'final_residual': 0.0, 'gamma': 1.0, 'grid': 'riley', 'grid_shape': [56, 81, 80, 41], 'n_micro': 10, 'n_policy_steps': 50, 'n_states': 14878080, 'n_states_chattering': 1228, 'theta': 5e-06, 'thrust_model': 'riley', 'use_mca_timestep': False}
2026-08-13 13:10:34.600 | SUCCESS  | symmetric_stall.policy_iteration:load:1056 - Policy loaded successfully from /home/nromero/Documents/research/symmetric-stall/data/policies/SymmetricStall_riley_56x81x80x41_thrust-riley.npz
2026-08-13 13:10:34.602 | INFO     | symmetric_stall.policy_iteration:load:1014 - Loading policy from /home/nromero/Documents/research/symmetric-stall/data/policies/SymmetricStall_riley_56x81x80x41_thrust-riley.npz...
2026-08-13 13:10:34.623 | INFO     | symmetric_stall.policy_iteration:load:1014 - Loading policy from /home/nromero/Documents/research/symmetric-stall/data/policies/SymmetricStall_riley_56x81x80x41_thrust-riley.npz...
2026-08-13 13:10:34.629 | INFO     | symmetric_stall.policy_iteration:load:1034 - Policy trained with: {'cg_aft_m': '0.0', 'cg_below_m': '0.0', 'cg_right_m': '0.0', 'chattering_tolerance': 1487, 'final_residual': 0.0, 'gamma': 1.0, 'grid': 'riley', 'grid_shape': [56, 81, 80, 41], 'n_micro': 10, 'n_policy_steps': 50, 'n_states': 14878080, 'n_states_chattering': 1228, 'theta': 5e-06, 'thrust_model': 'riley', 'use_mca_timestep': False}
2026-08-13 13:10:34.630 | SUCCESS  | symmetric_stall.policy_iteration:load:1056 - Policy loaded successfully from /home/nromero/Documents/research/symmetric-stall/data/policies/SymmetricStall_riley_56x81x80x41_thrust-riley.npz
2026-08-13 13:10:34.662 | INFO     | symmetric_stall.policy_iteration:load:1014 - Loading policy from /home/nromero/Documents/research/symmetric-stall/data/policies/SymmetricStall_riley_56x81x80x41_thrust-riley.npz...
2026-08-13 13:10:34.676 | INFO     | symmetric_stall.policy_iteration:load:1014 - Loading policy from /home/nromero/Documents/research/symmetric-stall/data/policies/SymmetricStall_riley_56x81x80x41_thrust-riley.npz...
2026-08-13 13:10:34.685 | INFO     | symmetric_stall.policy_iteration:load:1014 - Loading policy from /home/nromero/Documents/research/symmetric-stall/data/policies/SymmetricStall_riley_56x81x80x41_thrust-riley.npz...
2026-08-13 13:10:34.687 | INFO     | symmetric_stall.policy_iteration:load:1034 - Policy trained with: {'cg_aft_m': '0.0', 'cg_below_m': '0.0', 'cg_right_m': '0.0', 'chattering_tolerance': 1487, 'final_residual': 0.0, 'gamma': 1.0, 'grid': 'riley', 'grid_shape': [56, 81, 80, 41], 'n_micro': 10, 'n_policy_steps': 50, 'n_states': 14878080, 'n_states_chattering': 1228, 'theta': 5e-06, 'thrust_model': 'riley', 'use_mca_timestep': False}
2026-08-13 13:10:34.687 | SUCCESS  | symmetric_stall.policy_iteration:load:1056 - Policy loaded successfully from /home/nromero/Documents/research/symmetric-stall/data/policies/SymmetricStall_riley_56x81x80x41_thrust-riley.npz
2026-08-13 13:10:34.693 | INFO     | symmetric_stall.policy_iteration:load:1014 - Loading policy from /home/nromero/Documents/research/symmetric-stall/data/policies/SymmetricStall_riley_56x81x80x41_thrust-riley.npz...
2026-08-13 13:10:34.721 | INFO     | symmetric_stall.policy_iteration:load:1034 - Policy trained with: {'cg_aft_m': '0.0', 'cg_below_m': '0.0', 'cg_right_m': '0.0', 'chattering_tolerance': 1487, 'final_residual': 0.0, 'gamma': 1.0, 'grid': 'riley', 'grid_shape': [56, 81, 80, 41], 'n_micro': 10, 'n_policy_steps': 50, 'n_states': 14878080, 'n_states_chattering': 1228, 'theta': 5e-06, 'thrust_model': 'riley', 'use_mca_timestep': False}
2026-08-13 13:10:34.721 | SUCCESS  | symmetric_stall.policy_iteration:load:1056 - Policy loaded successfully from /home/nromero/Documents/research/symmetric-stall/data/policies/SymmetricStall_riley_56x81x80x41_thrust-riley.npz
2026-08-13 13:10:34.723 | INFO     | symmetric_stall.policy_iteration:load:1014 - Loading policy from /home/nromero/Documents/research/symmetric-stall/data/policies/SymmetricStall_riley_56x81x80x41_thrust-riley.npz...
2026-08-13 13:10:34.730 | INFO     | symmetric_stall.policy_iteration:load:1014 - Loading policy from /home/nromero/Documents/research/symmetric-stall/data/policies/SymmetricStall_riley_56x81x80x41_thrust-riley.npz...
2026-08-13 13:10:34.784 | INFO     | symmetric_stall.policy_iteration:load:1014 - Loading policy from /home/nromero/Documents/research/symmetric-stall/data/policies/SymmetricStall_riley_56x81x80x41_thrust-riley.npz...
2026-08-13 13:10:34.817 | INFO     | symmetric_stall.policy_iteration:load:1034 - Policy trained with: {'cg_aft_m': '0.0', 'cg_below_m': '0.0', 'cg_right_m': '0.0', 'chattering_tolerance': 1487, 'final_residual': 0.0, 'gamma': 1.0, 'grid': 'riley', 'grid_shape': [56, 81, 80, 41], 'n_micro': 10, 'n_policy_steps': 50, 'n_states': 14878080, 'n_states_chattering': 1228, 'theta': 5e-06, 'thrust_model': 'riley', 'use_mca_timestep': False}
2026-08-13 13:10:34.818 | SUCCESS  | symmetric_stall.policy_iteration:load:1056 - Policy loaded successfully from /home/nromero/Documents/research/symmetric-stall/data/policies/SymmetricStall_riley_56x81x80x41_thrust-riley.npz
2026-08-13 13:10:34.825 | INFO     | symmetric_stall.policy_iteration:load:1034 - Policy trained with: {'cg_aft_m': '0.0', 'cg_below_m': '0.0', 'cg_right_m': '0.0', 'chattering_tolerance': 1487, 'final_residual': 0.0, 'gamma': 1.0, 'grid': 'riley', 'grid_shape': [56, 81, 80, 41], 'n_micro': 10, 'n_policy_steps': 50, 'n_states': 14878080, 'n_states_chattering': 1228, 'theta': 5e-06, 'thrust_model': 'riley', 'use_mca_timestep': False}
2026-08-13 13:10:34.826 | SUCCESS  | symmetric_stall.policy_iteration:load:1056 - Policy loaded successfully from /home/nromero/Documents/research/symmetric-stall/data/policies/SymmetricStall_riley_56x81x80x41_thrust-riley.npz
2026-08-13 13:10:34.852 | INFO     | symmetric_stall.policy_iteration:load:1034 - Policy trained with: {'cg_aft_m': '0.0', 'cg_below_m': '0.0', 'cg_right_m': '0.0', 'chattering_tolerance': 1487, 'final_residual': 0.0, 'gamma': 1.0, 'grid': 'riley', 'grid_shape': [56, 81, 80, 41], 'n_micro': 10, 'n_policy_steps': 50, 'n_states': 14878080, 'n_states_chattering': 1228, 'theta': 5e-06, 'thrust_model': 'riley', 'use_mca_timestep': False}
2026-08-13 13:10:34.855 | SUCCESS  | symmetric_stall.policy_iteration:load:1056 - Policy loaded successfully from /home/nromero/Documents/research/symmetric-stall/data/policies/SymmetricStall_riley_56x81x80x41_thrust-riley.npz
2026-08-13 13:10:34.876 | INFO     | symmetric_stall.policy_iteration:load:1034 - Policy trained with: {'cg_aft_m': '0.0', 'cg_below_m': '0.0', 'cg_right_m': '0.0', 'chattering_tolerance': 1487, 'final_residual': 0.0, 'gamma': 1.0, 'grid': 'riley', 'grid_shape': [56, 81, 80, 41], 'n_micro': 10, 'n_policy_steps': 50, 'n_states': 14878080, 'n_states_chattering': 1228, 'theta': 5e-06, 'thrust_model': 'riley', 'use_mca_timestep': False}
2026-08-13 13:10:34.877 | SUCCESS  | symmetric_stall.policy_iteration:load:1056 - Policy loaded successfully from /home/nromero/Documents/research/symmetric-stall/data/policies/SymmetricStall_riley_56x81x80x41_thrust-riley.npz
2026-08-13 13:10:34.888 | INFO     | symmetric_stall.policy_iteration:load:1034 - Policy trained with: {'cg_aft_m': '0.0', 'cg_below_m': '0.0', 'cg_right_m': '0.0', 'chattering_tolerance': 1487, 'final_residual': 0.0, 'gamma': 1.0, 'grid': 'riley', 'grid_shape': [56, 81, 80, 41], 'n_micro': 10, 'n_policy_steps': 50, 'n_states': 14878080, 'n_states_chattering': 1228, 'theta': 5e-06, 'thrust_model': 'riley', 'use_mca_timestep': False}
2026-08-13 13:10:34.889 | SUCCESS  | symmetric_stall.policy_iteration:load:1056 - Policy loaded successfully from /home/nromero/Documents/research/symmetric-stall/data/policies/SymmetricStall_riley_56x81x80x41_thrust-riley.npz
2026-08-13 13:10:34.921 | INFO     | symmetric_stall.policy_iteration:load:1034 - Policy trained with: {'cg_aft_m': '0.0', 'cg_below_m': '0.0', 'cg_right_m': '0.0', 'chattering_tolerance': 1487, 'final_residual': 0.0, 'gamma': 1.0, 'grid': 'riley', 'grid_shape': [56, 81, 80, 41], 'n_micro': 10, 'n_policy_steps': 50, 'n_states': 14878080, 'n_states_chattering': 1228, 'theta': 5e-06, 'thrust_model': 'riley', 'use_mca_timestep': False}
2026-08-13 13:10:34.922 | SUCCESS  | symmetric_stall.policy_iteration:load:1056 - Policy loaded successfully from /home/nromero/Documents/research/symmetric-stall/data/policies/SymmetricStall_riley_56x81x80x41_thrust-riley.npz
2026-08-13 13:10:34.958 | INFO     | symmetric_stall.policy_iteration:load:1034 - Policy trained with: {'cg_aft_m': '0.0', 'cg_below_m': '0.0', 'cg_right_m': '0.0', 'chattering_tolerance': 1487, 'final_residual': 0.0, 'gamma': 1.0, 'grid': 'riley', 'grid_shape': [56, 81, 80, 41], 'n_micro': 10, 'n_policy_steps': 50, 'n_states': 14878080, 'n_states_chattering': 1228, 'theta': 5e-06, 'thrust_model': 'riley', 'use_mca_timestep': False}
2026-08-13 13:10:34.958 | SUCCESS  | symmetric_stall.policy_iteration:load:1056 - Policy loaded successfully from /home/nromero/Documents/research/symmetric-stall/data/policies/SymmetricStall_riley_56x81x80x41_thrust-riley.npz
2026-08-13 13:18:18,681 INFO    [sweep] switch0.25 done (0/663 did not recover)
2026-08-13 13:18:18,681 INFO    [sweep] switch0.5 done (0/663 did not recover)
2026-08-13 13:18:18,682 INFO    [sweep] switch1 done (0/663 did not recover)
2026-08-13 13:18:18,685 INFO    [+] switch-delay arms added to ic_heatmap_dense.json
2026-08-13 13:18:19,277 INFO    [+] fig_switch_delay_ic.{png,pdf} written
2026-08-13 13:18:19,277 INFO    === switch_heatmap done
