2026-08-13 12:12:51,453 INFO    model: {'thrust_model': 'riley', 'cg_aft_m': '0.0', 'cg_right_m': '0.0', 'cg_below_m': '0.0'}
2026-08-13 12:12:51,453 INFO    policy: /home/nromero/Documents/research/symmetric-stall/data/policies/SymmetricStall_riley_56x81x80x41_thrust-riley.npz
2026-08-13 12:12:51,453 INFO    output: /home/nromero/Documents/research/symmetric-stall/results/5_paper1_repro
2026-08-13 12:12:51,453 INFO    === ic_heatmap — dense IC-plane sweep (~600 rollouts) + maps
2026-08-13 12:12:51,928 INFO    [sweep] 3315 rollouts over 12 workers: ['optimal', 'tau05', 'tau1', 'gated', 'pd']
2026-08-13 12:12:52.724 | INFO     | symmetric_stall.policy_iteration:load:1014 - Loading policy from /home/nromero/Documents/research/symmetric-stall/data/policies/SymmetricStall_riley_56x81x80x41_thrust-riley.npz...
2026-08-13 12:12:52.729 | INFO     | symmetric_stall.policy_iteration:load:1014 - Loading policy from /home/nromero/Documents/research/symmetric-stall/data/policies/SymmetricStall_riley_56x81x80x41_thrust-riley.npz...
2026-08-13 12:12:52.735 | INFO     | symmetric_stall.policy_iteration:load:1014 - Loading policy from /home/nromero/Documents/research/symmetric-stall/data/policies/SymmetricStall_riley_56x81x80x41_thrust-riley.npz...
2026-08-13 12:12:52.782 | INFO     | symmetric_stall.policy_iteration:load:1014 - Loading policy from /home/nromero/Documents/research/symmetric-stall/data/policies/SymmetricStall_riley_56x81x80x41_thrust-riley.npz...
2026-08-13 12:12:52.799 | INFO     | symmetric_stall.policy_iteration:load:1034 - Policy trained with: {'cg_aft_m': '0.0', 'cg_below_m': '0.0', 'cg_right_m': '0.0', 'chattering_tolerance': 1487, 'final_residual': 0.0, 'gamma': 1.0, 'grid': 'riley', 'grid_shape': [56, 81, 80, 41], 'n_micro': 10, 'n_policy_steps': 50, 'n_states': 14878080, 'n_states_chattering': 1228, 'theta': 5e-06, 'thrust_model': 'riley', 'use_mca_timestep': False}
2026-08-13 12:12:52.800 | SUCCESS  | symmetric_stall.policy_iteration:load:1056 - Policy loaded successfully from /home/nromero/Documents/research/symmetric-stall/data/policies/SymmetricStall_riley_56x81x80x41_thrust-riley.npz
2026-08-13 12:12:52.806 | INFO     | symmetric_stall.policy_iteration:load:1034 - Policy trained with: {'cg_aft_m': '0.0', 'cg_below_m': '0.0', 'cg_right_m': '0.0', 'chattering_tolerance': 1487, 'final_residual': 0.0, 'gamma': 1.0, 'grid': 'riley', 'grid_shape': [56, 81, 80, 41], 'n_micro': 10, 'n_policy_steps': 50, 'n_states': 14878080, 'n_states_chattering': 1228, 'theta': 5e-06, 'thrust_model': 'riley', 'use_mca_timestep': False}
2026-08-13 12:12:52.806 | SUCCESS  | symmetric_stall.policy_iteration:load:1056 - Policy loaded successfully from /home/nromero/Documents/research/symmetric-stall/data/policies/SymmetricStall_riley_56x81x80x41_thrust-riley.npz
2026-08-13 12:12:52.815 | INFO     | symmetric_stall.policy_iteration:load:1034 - Policy trained with: {'cg_aft_m': '0.0', 'cg_below_m': '0.0', 'cg_right_m': '0.0', 'chattering_tolerance': 1487, 'final_residual': 0.0, 'gamma': 1.0, 'grid': 'riley', 'grid_shape': [56, 81, 80, 41], 'n_micro': 10, 'n_policy_steps': 50, 'n_states': 14878080, 'n_states_chattering': 1228, 'theta': 5e-06, 'thrust_model': 'riley', 'use_mca_timestep': False}
2026-08-13 12:12:52.816 | SUCCESS  | symmetric_stall.policy_iteration:load:1056 - Policy loaded successfully from /home/nromero/Documents/research/symmetric-stall/data/policies/SymmetricStall_riley_56x81x80x41_thrust-riley.npz
2026-08-13 12:12:52.846 | INFO     | symmetric_stall.policy_iteration:load:1034 - Policy trained with: {'cg_aft_m': '0.0', 'cg_below_m': '0.0', 'cg_right_m': '0.0', 'chattering_tolerance': 1487, 'final_residual': 0.0, 'gamma': 1.0, 'grid': 'riley', 'grid_shape': [56, 81, 80, 41], 'n_micro': 10, 'n_policy_steps': 50, 'n_states': 14878080, 'n_states_chattering': 1228, 'theta': 5e-06, 'thrust_model': 'riley', 'use_mca_timestep': False}
2026-08-13 12:12:52.846 | SUCCESS  | symmetric_stall.policy_iteration:load:1056 - Policy loaded successfully from /home/nromero/Documents/research/symmetric-stall/data/policies/SymmetricStall_riley_56x81x80x41_thrust-riley.npz
2026-08-13 12:12:52.896 | INFO     | symmetric_stall.policy_iteration:load:1014 - Loading policy from /home/nromero/Documents/research/symmetric-stall/data/policies/SymmetricStall_riley_56x81x80x41_thrust-riley.npz...
2026-08-13 12:12:53.000 | INFO     | symmetric_stall.policy_iteration:load:1014 - Loading policy from /home/nromero/Documents/research/symmetric-stall/data/policies/SymmetricStall_riley_56x81x80x41_thrust-riley.npz...
2026-08-13 12:12:53.023 | INFO     | symmetric_stall.policy_iteration:load:1014 - Loading policy from /home/nromero/Documents/research/symmetric-stall/data/policies/SymmetricStall_riley_56x81x80x41_thrust-riley.npz...
2026-08-13 12:12:53.032 | INFO     | symmetric_stall.policy_iteration:load:1034 - Policy trained with: {'cg_aft_m': '0.0', 'cg_below_m': '0.0', 'cg_right_m': '0.0', 'chattering_tolerance': 1487, 'final_residual': 0.0, 'gamma': 1.0, 'grid': 'riley', 'grid_shape': [56, 81, 80, 41], 'n_micro': 10, 'n_policy_steps': 50, 'n_states': 14878080, 'n_states_chattering': 1228, 'theta': 5e-06, 'thrust_model': 'riley', 'use_mca_timestep': False}
2026-08-13 12:12:53.033 | SUCCESS  | symmetric_stall.policy_iteration:load:1056 - Policy loaded successfully from /home/nromero/Documents/research/symmetric-stall/data/policies/SymmetricStall_riley_56x81x80x41_thrust-riley.npz
2026-08-13 12:12:53.043 | INFO     | symmetric_stall.policy_iteration:load:1014 - Loading policy from /home/nromero/Documents/research/symmetric-stall/data/policies/SymmetricStall_riley_56x81x80x41_thrust-riley.npz...
2026-08-13 12:12:53.064 | INFO     | symmetric_stall.policy_iteration:load:1014 - Loading policy from /home/nromero/Documents/research/symmetric-stall/data/policies/SymmetricStall_riley_56x81x80x41_thrust-riley.npz...
2026-08-13 12:12:53.069 | INFO     | symmetric_stall.policy_iteration:load:1014 - Loading policy from /home/nromero/Documents/research/symmetric-stall/data/policies/SymmetricStall_riley_56x81x80x41_thrust-riley.npz...
2026-08-13 12:12:53.070 | INFO     | symmetric_stall.policy_iteration:load:1014 - Loading policy from /home/nromero/Documents/research/symmetric-stall/data/policies/SymmetricStall_riley_56x81x80x41_thrust-riley.npz...
2026-08-13 12:12:53.083 | INFO     | symmetric_stall.policy_iteration:load:1034 - Policy trained with: {'cg_aft_m': '0.0', 'cg_below_m': '0.0', 'cg_right_m': '0.0', 'chattering_tolerance': 1487, 'final_residual': 0.0, 'gamma': 1.0, 'grid': 'riley', 'grid_shape': [56, 81, 80, 41], 'n_micro': 10, 'n_policy_steps': 50, 'n_states': 14878080, 'n_states_chattering': 1228, 'theta': 5e-06, 'thrust_model': 'riley', 'use_mca_timestep': False}
2026-08-13 12:12:53.084 | SUCCESS  | symmetric_stall.policy_iteration:load:1056 - Policy loaded successfully from /home/nromero/Documents/research/symmetric-stall/data/policies/SymmetricStall_riley_56x81x80x41_thrust-riley.npz
2026-08-13 12:12:53.147 | INFO     | symmetric_stall.policy_iteration:load:1014 - Loading policy from /home/nromero/Documents/research/symmetric-stall/data/policies/SymmetricStall_riley_56x81x80x41_thrust-riley.npz...
2026-08-13 12:12:53.155 | INFO     | symmetric_stall.policy_iteration:load:1034 - Policy trained with: {'cg_aft_m': '0.0', 'cg_below_m': '0.0', 'cg_right_m': '0.0', 'chattering_tolerance': 1487, 'final_residual': 0.0, 'gamma': 1.0, 'grid': 'riley', 'grid_shape': [56, 81, 80, 41], 'n_micro': 10, 'n_policy_steps': 50, 'n_states': 14878080, 'n_states_chattering': 1228, 'theta': 5e-06, 'thrust_model': 'riley', 'use_mca_timestep': False}
2026-08-13 12:12:53.156 | SUCCESS  | symmetric_stall.policy_iteration:load:1056 - Policy loaded successfully from /home/nromero/Documents/research/symmetric-stall/data/policies/SymmetricStall_riley_56x81x80x41_thrust-riley.npz
2026-08-13 12:12:53.161 | INFO     | symmetric_stall.policy_iteration:load:1034 - Policy trained with: {'cg_aft_m': '0.0', 'cg_below_m': '0.0', 'cg_right_m': '0.0', 'chattering_tolerance': 1487, 'final_residual': 0.0, 'gamma': 1.0, 'grid': 'riley', 'grid_shape': [56, 81, 80, 41], 'n_micro': 10, 'n_policy_steps': 50, 'n_states': 14878080, 'n_states_chattering': 1228, 'theta': 5e-06, 'thrust_model': 'riley', 'use_mca_timestep': False}
2026-08-13 12:12:53.162 | SUCCESS  | symmetric_stall.policy_iteration:load:1056 - Policy loaded successfully from /home/nromero/Documents/research/symmetric-stall/data/policies/SymmetricStall_riley_56x81x80x41_thrust-riley.npz
2026-08-13 12:12:53.166 | INFO     | symmetric_stall.policy_iteration:load:1034 - Policy trained with: {'cg_aft_m': '0.0', 'cg_below_m': '0.0', 'cg_right_m': '0.0', 'chattering_tolerance': 1487, 'final_residual': 0.0, 'gamma': 1.0, 'grid': 'riley', 'grid_shape': [56, 81, 80, 41], 'n_micro': 10, 'n_policy_steps': 50, 'n_states': 14878080, 'n_states_chattering': 1228, 'theta': 5e-06, 'thrust_model': 'riley', 'use_mca_timestep': False}
2026-08-13 12:12:53.167 | SUCCESS  | symmetric_stall.policy_iteration:load:1056 - Policy loaded successfully from /home/nromero/Documents/research/symmetric-stall/data/policies/SymmetricStall_riley_56x81x80x41_thrust-riley.npz
2026-08-13 12:12:53.191 | INFO     | symmetric_stall.policy_iteration:load:1034 - Policy trained with: {'cg_aft_m': '0.0', 'cg_below_m': '0.0', 'cg_right_m': '0.0', 'chattering_tolerance': 1487, 'final_residual': 0.0, 'gamma': 1.0, 'grid': 'riley', 'grid_shape': [56, 81, 80, 41], 'n_micro': 10, 'n_policy_steps': 50, 'n_states': 14878080, 'n_states_chattering': 1228, 'theta': 5e-06, 'thrust_model': 'riley', 'use_mca_timestep': False}
2026-08-13 12:12:53.191 | SUCCESS  | symmetric_stall.policy_iteration:load:1056 - Policy loaded successfully from /home/nromero/Documents/research/symmetric-stall/data/policies/SymmetricStall_riley_56x81x80x41_thrust-riley.npz
2026-08-13 12:12:53.208 | INFO     | symmetric_stall.policy_iteration:load:1034 - Policy trained with: {'cg_aft_m': '0.0', 'cg_below_m': '0.0', 'cg_right_m': '0.0', 'chattering_tolerance': 1487, 'final_residual': 0.0, 'gamma': 1.0, 'grid': 'riley', 'grid_shape': [56, 81, 80, 41], 'n_micro': 10, 'n_policy_steps': 50, 'n_states': 14878080, 'n_states_chattering': 1228, 'theta': 5e-06, 'thrust_model': 'riley', 'use_mca_timestep': False}
2026-08-13 12:12:53.209 | SUCCESS  | symmetric_stall.policy_iteration:load:1056 - Policy loaded successfully from /home/nromero/Documents/research/symmetric-stall/data/policies/SymmetricStall_riley_56x81x80x41_thrust-riley.npz
2026-08-13 12:12:53.295 | INFO     | symmetric_stall.policy_iteration:load:1034 - Policy trained with: {'cg_aft_m': '0.0', 'cg_below_m': '0.0', 'cg_right_m': '0.0', 'chattering_tolerance': 1487, 'final_residual': 0.0, 'gamma': 1.0, 'grid': 'riley', 'grid_shape': [56, 81, 80, 41], 'n_micro': 10, 'n_policy_steps': 50, 'n_states': 14878080, 'n_states_chattering': 1228, 'theta': 5e-06, 'thrust_model': 'riley', 'use_mca_timestep': False}
2026-08-13 12:12:53.295 | SUCCESS  | symmetric_stall.policy_iteration:load:1056 - Policy loaded successfully from /home/nromero/Documents/research/symmetric-stall/data/policies/SymmetricStall_riley_56x81x80x41_thrust-riley.npz
2026-08-13 12:29:24,391 INFO    [sweep] optimal done
2026-08-13 12:29:24,391 INFO    [sweep] tau05 done
2026-08-13 12:29:24,392 INFO    [sweep] tau1 done
2026-08-13 12:29:24,392 INFO    [sweep] gated done
2026-08-13 12:29:24,392 INFO    [sweep] pd done
2026-08-13 12:29:24,394 INFO    [+] ic_heatmap_dense.json written
2026-08-13 12:29:24,862 INFO    [+] fig_optimal_ic_heatmap.{png,pdf} written
2026-08-13 12:29:25,415 INFO    [+] fig_caa_faa_heatmap.{png,pdf} written
2026-08-13 12:29:25,416 INFO    === ic_heatmap done
